---
source: crates/agentgateway/src/types/local.rs
description: "Config parsing test for basic: verifies YAML can be parsed successfully"
---
# yaml-language-server: $schema=../../schema/local.json
binds:
- port: 3000
  listeners:
  - routes:
    - policies:
        cors:
          allowOrigins:
            - "*"
          allowHeaders:
            - mcp-protocol-version
            - content-type
            - cache-control
      backends:
      - mcp:
          targets:
          - name: everything
            stdio:
              cmd: npx
              args: ["@modelcontextprotocol/server-everything"]
