---
source: crates/llm/src/golden_tests.rs
description: src/tests/requests/messages/cache_control_dropped_blocks.json
info:
  model: gpt-5.6
  max_tokens: 64
  messages:
    - role: user
      content:
        - type: document
          source:
            type: text
            media_type: text/plain
            data: omitted
          cache_control:
            type: ephemeral
        - type: text
          text: No preceding content to cache
    - role: assistant
      content:
        - type: document
          source:
            type: text
            media_type: text/plain
            data: omitted
          cache_control:
            type: ephemeral
    - role: user
      content:
        - type: search_result
          source: "https://example.com"
          title: Result
          content:
            - type: text
              text: omitted
          cache_control:
            type: ephemeral
        - type: text
          text: Before search result
        - type: search_result
          source: "https://example.com"
          title: Result
          content:
            - type: text
              text: omitted
          cache_control:
            type: ephemeral
        - type: web_search_tool_result
          tool_use_id: srv_1
          content: []
          cache_control:
            type: ephemeral
        - type: text
          text: After search result
    - role: assistant
      content:
        - type: text
          text: Before server tool
        - type: thinking
          thinking: reasoning
          signature: signature
        - type: server_tool_use
          id: srv_1
          name: web_search
          input: {}
          cache_control:
            type: ephemeral
            ttl: 1h
  tools:
    - name: lookup
      input_schema:
        type: object
    - type: web_search_20250305
      name: web_search
      cache_control:
        type: ephemeral
        ttl: 1h
    - name: over_limit
      input_schema:
        type: object
      cache_control:
        type: ephemeral
---
{
  "request": {
    "messages": [
      {
        "role": "user",
        "content": [
          {
            "text": "No preceding content to cache"
          },
          {
            "cachePoint": {
              "type": "default"
            }
          },
          {
            "text": "Before search result"
          },
          {
            "cachePoint": {
              "type": "default"
            }
          },
          {
            "text": "After search result"
          }
        ]
      },
      {
        "role": "assistant",
        "content": [
          {
            "text": "Before server tool"
          },
          {
            "cachePoint": {
              "ttl": "1h",
              "type": "default"
            }
          },
          {
            "reasoningContent": {
              "reasoningText": {
                "text": "reasoning",
                "signature": "signature"
              }
            }
          }
        ]
      }
    ],
    "inferenceConfig": {
      "maxTokens": 64
    },
    "toolConfig": {
      "tools": [
        {
          "toolSpec": {
            "name": "lookup",
            "description": null,
            "inputSchema": {
              "json": {
                "type": "object"
              }
            }
          }
        },
        {
          "cachePoint": {
            "ttl": "1h",
            "type": "default"
          }
        },
        {
          "toolSpec": {
            "name": "over_limit",
            "description": null,
            "inputSchema": {
              "json": {
                "type": "object"
              }
            }
          }
        }
      ]
    }
  },
  "parsed": {
    "input_format": "Messages",
    "cache_convention": "InputIncludesCache",
    "request_model": "gpt-5.6",
    "provider": "bedrock",
    "streaming": false,
    "params": {
      "max_tokens": 64
    },
    "prompt": [
      {
        "role": "user",
        "content": "No preceding content to cache"
      },
      {
        "role": "assistant",
        "content": ""
      },
      {
        "role": "user",
        "content": "Before search result After search result"
      },
      {
        "role": "assistant",
        "content": "Before server tool"
      }
    ]
  }
}
