---
source: crates/llm/src/golden_tests.rs
description: src/tests/requests/messages/unknown_content.json
info:
  model: gpt-5.6-luna
  max_tokens: 64
  messages:
    - role: system
      content:
        - type: future_block
          data: unrecognized
        - type: text
          text: Be concise.
    - role: user
      content:
        - type: future_block
          data: unrecognized
        - type: text
          text: hello
    - role: assistant
      content:
        - type: future_block
          data: unrecognized
        - type: text
          text: Hello!
    - role: user
      content: Continue.
---
{
  "error": "unsupported conversion: messages system content block cannot be represented by responses",
  "parsed": {
    "input_format": "Messages",
    "cache_convention": "InputIncludesCache",
    "request_model": "gpt-5.6-luna",
    "provider": "responses",
    "streaming": false,
    "params": {
      "max_tokens": 64
    },
    "prompt": [
      {
        "role": "system",
        "content": "Be concise."
      },
      {
        "role": "user",
        "content": "hello"
      },
      {
        "role": "assistant",
        "content": "Hello!"
      },
      {
        "role": "user",
        "content": "Continue."
      }
    ]
  }
}
